Starting analysis for COMI.CA (Market: EGX)...
Fetching history for COMI.CA...
Error generating report: 429 You exceeded your current quota, please check your plan and billing details. For more information on this error, head to: https://ai.google.dev/gemini-api/docs/rate-limits. To monitor your current usage, head to: https://ai.dev/rate-limit. 
* Quota exceeded for metric: generativelanguage.googleapis.com/generate_content_free_tier_input_token_count, limit: 0, model: gemini-3.1-pro
* Quota exceeded for metric: generativelanguage.googleapis.com/generate_content_free_tier_requests, limit: 0, model: gemini-3.1-pro
* Quota exceeded for metric: generativelanguage.googleapis.com/generate_content_free_tier_requests, limit: 0, model: gemini-3.1-pro
* Quota exceeded for metric: generativelanguage.googleapis.com/generate_content_free_tier_input_token_count, limit: 0, model: gemini-3.1-pro
Please retry in 18.440834122s. [links {
  description: "Learn more about Gemini API quotas"
  url: "https://ai.google.dev/gemini-api/docs/rate-limits"
}
, violations {
  quota_metric: "generativelanguage.googleapis.com/generate_content_free_tier_input_token_count"
  quota_id: "GenerateContentInputTokensPerModelPerMinute-FreeTier"
  quota_dimensions {
    key: "model"
    value: "gemini-3.1-pro"
  }
  quota_dimensions {
    key: "location"
    value: "global"
  }
}
violations {
  quota_metric: "generativelanguage.googleapis.com/generate_content_free_tier_requests"
  quota_id: "GenerateRequestsPerMinutePerProjectPerModel-FreeTier"
  quota_dimensions {
    key: "model"
    value: "gemini-3.1-pro"
  }
  quota_dimensions {
    key: "location"
    value: "global"
  }
}
violations {
  quota_metric: "generativelanguage.googleapis.com/generate_content_free_tier_requests"
  quota_id: "GenerateRequestsPerDayPerProjectPerModel-FreeTier"
  quota_dimensions {
    key: "model"
    value: "gemini-3.1-pro"
  }
  quota_dimensions {
    key: "location"
    value: "global"
  }
}
violations {
  quota_metric: "generativelanguage.googleapis.com/generate_content_free_tier_input_token_count"
  quota_id: "GenerateContentInputTokensPerModelPerDay-FreeTier"
  quota_dimensions {
    key: "model"
    value: "gemini-3.1-pro"
  }
  quota_dimensions {
    key: "location"
    value: "global"
  }
}
, retry_delay {
  seconds: 18
}
]
{'ticker': 'COMI.CA', 'market': 'EGX', 'decision': 'HOLD', 'tech_prob': 0.24657216946085028, 'sentiment_score': 0.0, 'report': 'Γ¥î ╪«╪╖╪ú ┘ü┘è ╪¬┘ê┘ä┘è╪» ╪º┘ä╪¬┘é╪▒┘è╪▒: 429 You exceeded your current quota, please check your plan and billing details. For more information on this error, head to: https://ai.google.dev/gemini-api/docs/rate-limits. To monitor your current usage, head to: https://ai.dev/rate-limit. \n* Quota exceeded for metric: generativelanguage.googleapis.com/generate_content_free_tier_input_token_count, limit: 0, model: gemini-3.1-pro\n* Quota exceeded for metric: generativelanguage.googleapis.com/generate_content_free_tier_requests, limit: 0, model: gemini-3.1-pro\n* Quota exceeded for metric: generativelanguage.googleapis.com/generate_content_free_tier_requests, limit: 0, model: gemini-3.1-pro\n* Quota exceeded for metric: generativelanguage.googleapis.com/generate_content_free_tier_input_token_count, limit: 0, model: gemini-3.1-pro\nPlease retry in 18.440834122s. [links {\n  description: "Learn more about Gemini API quotas"\n  url: "https://ai.google.dev/gemini-api/docs/rate-limits"\n}\n, violations {\n  quota_metric: "generativelanguage.googleapis.com/generate_content_free_tier_input_token_count"\n  quota_id: "GenerateContentInputTokensPerModelPerMinute-FreeTier"\n  quota_dimensions {\n    key: "model"\n    value: "gemini-3.1-pro"\n  }\n  quota_dimensions {\n    key: "location"\n    value: "global"\n  }\n}\nviolations {\n  quota_metric: "generativelanguage.googleapis.com/generate_content_free_tier_requests"\n  quota_id: "GenerateRequestsPerMinutePerProjectPerModel-FreeTier"\n  quota_dimensions {\n    key: "model"\n    value: "gemini-3.1-pro"\n  }\n  quota_dimensions {\n    key: "location"\n    value: "global"\n  }\n}\nviolations {\n  quota_metric: "generativelanguage.googleapis.com/generate_content_free_tier_requests"\n  quota_id: "GenerateRequestsPerDayPerProjectPerModel-FreeTier"\n  quota_dimensions {\n    key: "model"\n    value: "gemini-3.1-pro"\n  }\n  quota_dimensions {\n    key: "location"\n    value: "global"\n  }\n}\nviolations {\n  quota_metric: "generativelanguage.googleapis.com/generate_content_free_tier_input_token_count"\n  quota_id: "GenerateContentInputTokensPerModelPerDay-FreeTier"\n  quota_dimensions {\n    key: "model"\n    value: "gemini-3.1-pro"\n  }\n  quota_dimensions {\n    key: "location"\n    value: "global"\n  }\n}\n, retry_delay {\n  seconds: 18\n}\n]'}
